SQL*Plus: Release 11.2.0.2.0 Production on 화 6월 15 10:37:21 2021

Copyright (c) 1982, 2014, Oracle.  All rights reserved.

SQL> conn system/1234
ERROR:
ORA-12560: TNS:protocol adapter error


SQL> conn system/1234
Connected.
SQL> create tablespace webspace
  2  datafile 'C:\oraclexe\app\oracle\oradata\XE\webspace.dbf' size 20M;

Tablespace created.

SQL> create user webmaster
  2  identified by 1234
  3  default tablespace webspace
  4  quota unlimited on webspace;

User created.

SQL> grant create session, create table, create sequence to webmaster;

Grant succeeded.

SQL> conn webmaster/1234
Connected.



SQL> create table board(
  2  board_id number primary key
  3  , title varchar(100)
  4  , writer varchar(20)
  5  , content clob
  6  , regdate date default sysdate
  7  , hit number default 0
  8  );

Table created.



SQL> create sequence seq_board
  2  increment by 1
  3  start with 1;

Sequence created.